// Jest Snapshot v1, https://goo.gl/fbAQLP

exports[`Button component renders text 'CLICK ME' 1`] = `
<div>
  <button
    class="button"
    type="button"
  >
    CLICK ME
  </button>
</div>
`;
