// Jest Snapshot v1, https://goo.gl/fbAQLP

exports[`ShopCartBar component renders itemsAmount that is given as a prop 1`] = `
<div>
  <div
    class="container"
  >
    <p>
      Items in shopping cart: 
      42
    </p>
    <button
      class="button"
      type="button"
    >
      CHECKOUT
    </button>
  </div>
</div>
`;
