// Jest Snapshot v1, https://goo.gl/fbAQLP

exports[`ShopItem component renders "TITLE" and "DESCRIPTION" 1`] = `
<div>
  <div
    class="container"
  >
    <h3
      class="title"
    >
      TITLE
    </h3>
    <p>
      DESCRIPTION
    </p>
    <div
      class="row"
    >
      <button
        class="button"
        type="button"
      >
        -1
      </button>
      <label
        class="label"
        for="item-amount"
      >
        Add more to order:
        <input
          id="item-amount"
          type="number"
          value="0"
        />
      </label>
      <button
        class="button"
        type="button"
      >
        +1
      </button>
    </div>
    <button
      class="button"
      type="button"
    >
      Add to cart
    </button>
  </div>
</div>
`;
